ok 01-horreo/03-conxunto-horreos.jpg
ok 01-horreo/04-2013-horreo-en-cambados-galicia-spain.jpg
HTTP 429 en 01-horreo/05-camino-de-santiago-lugo-espana-2015-09-20-dd-25.jpg (intento 1) https://upload.wikimedia.org/wikipedia/commons/thumb/f/f5/Camino_de_Santiago%2C_Lugo%2C_Espa%C3%B1a%2C_2015-09-20%2C_DD_25.jpg/1920px-Camino_de_Santiago%2C_Lugo%2C_Espa%C3%B1a%2C_2015-09-20%2C_DD_25.jpg
ok 01-horreo/05-camino-de-santiago-lugo-espana-2015-09-20-dd-25.jpg
ok 01-horreo/06-horreo-toxibo-camino-de-santiago-lugo-espana-2015-.jpg
ok 01-horreo/07-horreo-de-lira-carnota-galiza.jpg
ok 01-horreo/08-2015-horreo-a-beira-da-igrexa-de-santa-comba-de-ca.jpg
ok 01-horreo/09-cabozo-horreo-provincia-lugo.jpg
ok 01-horreo/10-aermidahorreo.jpg
ok 01-horreo/11-2-horreos.jpg
ok 01-horreo/12-horreo-en-paradela-boboras.jpg
ok 01-horreo/13-eira-dos-horreos-das-ventelas.jpg
ok 01-horreo/14-eira-e-rua-de-as-ventelas.jpg
ok 01-horreo/15-bases-de-horreos-en-alcazar-de-milmanda-celanova.jpg
ok 01-horreo/16-horreos-de-muimenta-carballeda-de-avia-galiza.jpg
ok 02-carro-bois/01-a-arnoia-carro-a-beira-do-mino-galiza-3.jpg
ok 02-carro-bois/02-carros-tradicionais-na-praia-de-peralta-o-grove-ga.jpg
HTTP 429 en 02-carro-bois/03-carros-na-praia-de-peralto-galicia-galiza-galicia.jpg (intento 1) https://upload.wikimedia.org/wikipedia/commons/thumb/0/0f/Carros_na_praia_de_Peralto._Galicia._Galiza._Galicia.jpg/1920px-Carros_na_praia_de_Peralto._Galicia._Galiza._Galicia.jpg
ok 02-carro-bois/03-carros-na-praia-de-peralto-galicia-galiza-galicia.jpg
ok 02-carro-bois/04-festa-da-malla-2022-17c.jpg
ok 02-carro-bois/05-meano-coiron-01-01c.jpg
ok 02-carro-bois/06-meano-coiron-01-03b.jpg
ok 02-carro-bois/07-mosteiro-1-feira-labrega-carro-06.jpg
ok 02-carro-bois/08-poio-combarro-02-04a.jpg
ok 02-carro-bois/09-carro-barrana-boiro-xullo-2006.jpg
ok 02-carro-bois/10-carro-barrana-boiro.jpg
ok 02-carro-bois/11-carro-santiago-de-compostela.jpg
ok 02-carro-bois/12-monumento-ao-carro-en-padron.jpg
ok 02-carro-bois/13-escultura-dun-carro-na-rua-do-sar-padron-galiza-pa.jpg
ok 02-carro-bois/14-coles-alban-carro.jpg
ok 02-carro-bois/15-carro-monte-pio-santiago-de-compostela.jpg
HTTP 429 en 02-carro-bois/16-el-carro-15082527952.jpg (intento 1) https://upload.wikimedia.org/wikipedia/commons/thumb/5/54/El_carro_%2815082527952%29.jpg/1920px-El_carro_%2815082527952%29.jpg
ok 02-carro-bois/16-el-carro-15082527952.jpg
ok 03-palloza-casa/01-el-cebreiro-palloza-ni.jpg
ok 03-palloza-casa/02-el-cebreiro-lugo-palloza-ni.jpg
ok 03-palloza-casa/03-pallozas-en-piornedo.jpg
ok 03-palloza-casa/04-ancares-1976-63.jpg
ok 03-palloza-casa/05-conxunto-etnografico-das-pallozas-do-cebreiro.jpg
ok 03-palloza-casa/06-pallozas-o-piornedo-cervantes.jpg
HTTP 429 en 03-palloza-casa/07-pallozas-de-san-roman-cervantes.jpg (intento 1) https://upload.wikimedia.org/wikipedia/commons/thumb/9/91/Pallozas_de_San_Rom%C3%A1n%2C_Cervantes..jpg/1280px-Pallozas_de_San_Rom%C3%A1n%2C_Cervantes..jpg
ok 03-palloza-casa/07-pallozas-de-san-roman-cervantes.jpg
ok 03-palloza-casa/08-pallozas-de-san-roman-en-el-municipio-de-cervantes.jpg
ok 03-palloza-casa/09-pallozas-nevadas-o-cebreiro.jpg
ok 03-palloza-casa/10-palloza-cantexeira.jpg
ok 03-palloza-casa/11-palloza-galega.jpg
ok 03-palloza-casa/12-hotel-balneario-de-pambre-02-palloza.jpg
ok 03-palloza-casa/13-hotel-balneario-de-pambre-03-palloza.jpg
ok 03-palloza-casa/14-hotel-balneario-de-pambre-04-palloza.jpg
ok 03-palloza-casa/15-hotel-balneario-de-pambre-06-palloza.jpg
ok 03-palloza-casa/16-canedo-01-palloza-by-dpc.jpg
ok 04-pazo/01-pazo-de-marinan-fachada-capilla.jpg
ok 04-pazo/02-pazo-de-marinan-fachada-capilla.jpg
ok 04-pazo/03-entrada-da-capela-do-pazo-de-rioboo.jpg
ok 04-pazo/04-fachada-da-capela-de-san-xoian-nepomuceno-pazo-de-.jpg
ok 04-pazo/05-fachada-principal-da-capela-de-san-xoian-nepomucen.jpg
ok 04-pazo/06-patio-de-labor-03.jpg
ok 04-pazo/07-torre-do-pazo-de-oca-a-estrada.jpg
ok 04-pazo/08-patio-pazo-de-oca-01.jpg
ok 04-pazo/09-pazo-baion-dentro-del-palomar-15655398068.jpg
ok 04-pazo/10-pazo-de-paizas-cira-silleda.jpg
HTTP 429 en 04-pazo/11-pazo-dos-besada.jpg (intento 1) https://upload.wikimedia.org/wikipedia/commons/thumb/b/ba/Pazo_dos_Besada.jpg/1920px-Pazo_dos_Besada.jpg
ok 04-pazo/11-pazo-dos-besada.jpg
ok 04-pazo/12-fachada-principal-do-pazo-de-mos.jpg
ok 04-pazo/13-pazo-da-toxeirina-en-silvoso-lamas-morana-capela.jpg
ok 04-pazo/14-torre-de-couso.jpg
ok 04-pazo/15-vigo-casa-torre-de-pazos-figueroa-3.jpg
ok 04-pazo/16-ribadumia-pazo-de-sisan-01-02a.jpg
ok 05-cruceiro-peto/01-peto-de-animas-no-cruceiro-do-acordo-en-manufe.jpg
ok 05-cruceiro-peto/02-peto-de-animas-en-portosin-galiza-2.jpg
ok 05-cruceiro-peto/03-peto-de-animas-vilanova-dos-infantes-celanova-gali.jpg
ok 05-cruceiro-peto/04-36990-noalla-03-a-revolta-02-04a.jpg
ok 05-cruceiro-peto/05-peto-de-animas-sobreira-ourense.jpg
ok 05-cruceiro-peto/06-cambados-09-castrelo-04-04r.jpg
ok 05-cruceiro-peto/07-baiona-01-ponte-da-ramallosa-01-03b.jpg
ok 05-cruceiro-peto/08-peto-das-animas.jpg
ok 05-cruceiro-peto/09-2018-cruceiro-en-vigo-galiza.jpg
ok 05-cruceiro-peto/10-peto-de-animas-e-muino-en-escuadra-a-lama.jpg
ok 05-cruceiro-peto/11-forzans-peto-de-animas-reloxo-de-sol.jpg
ok 05-cruceiro-peto/12-ponte-caldelas-02-01b.jpg
ok 05-cruceiro-peto/13-edicula-do-peto-de-animas-do-toural.jpg
HTTP 429 en 05-cruceiro-peto/14-peto-de-animas-de-sordos-bande-panel.jpg (intento 1) https://upload.wikimedia.org/wikipedia/commons/thumb/8/8e/Peto_de_%C3%A1nimas_de_Sordos_%28Bande%29_-_panel.jpg/1920px-Peto_de_%C3%A1nimas_de_Sordos_%28Bande%29_-_panel.jpg
HTTP 429 en 05-cruceiro-peto/14-peto-de-animas-de-sordos-bande-panel.jpg (intento 2) https://upload.wikimedia.org/wikipedia/commons/thumb/8/8e/Peto_de_%C3%A1nimas_de_Sordos_%28Bande%29_-_panel.jpg/1920px-Peto_de_%C3%A1nimas_de_Sordos_%28Bande%29_-_panel.jpg
ok 05-cruceiro-peto/14-peto-de-animas-de-sordos-bande-panel.jpg
ok 05-cruceiro-peto/15-peto-de-animas-de-santa-lucia-caldas-de-reis.jpg
ok 05-cruceiro-peto/16-peto-a-lama.jpg
ok 06-cocina/01-festa-da-malla-2022-19.jpg
ok 06-cocina/02-lareira-rural.jpg
ok 06-cocina/03-reitoral-de-beiro-carballeda-de-avia-3.jpg
ok 06-cocina/04-coles-ucelle-pazo-de-fontefiz-lareira.jpg
ok 06-cocina/05-lalin-casa-do-patron-01-15b.jpg
HTTP 429 en 06-cocina/06-lareira.jpg (intento 1) https://upload.wikimedia.org/wikipedia/commons/thumb/a/a1/Lareira.JPG/1920px-Lareira.JPG
